---
source: workspaces/optic-engine/tests/interaction-diff-use-cases.rs
expression: "&spec_projection.shape().to_choice_mapping()"
---
{
    "shape_9CwetZOv0K": [
        Primitive(
            PrimitiveChoice {
                shape_id: "shape_9CwetZOv0K",
                json_type: Undefined,
            },
        ),
        Primitive(
            PrimitiveChoice {
                shape_id: "shape_fjzsDTs0rs",
                json_type: String,
            },
        ),
    ],
    "shape_9pOqYqjpGb": [
        Array(
            ArrayChoice {
                json_type: Array,
                shape_id: "shape_9pOqYqjpGb",
                item_shape_id: "shape_q6OD6W1YAb",
            },
        ),
    ],
    "shape_fjzsDTs0rs": [
        Primitive(
            PrimitiveChoice {
                shape_id: "shape_fjzsDTs0rs",
                json_type: String,
            },
        ),
    ],
    "shape_q6OD6W1YAb": [
        Object(
            ObjectChoice {
                shape_id: "shape_q6OD6W1YAb",
                json_type: Object,
                fields: [
                    ObjectFieldChoice {
                        name: "task",
                        field_id: "field_tToOrayR7C",
                        shape_id: "shape_s59DPL1y4C",
                        is_removed: false,
                    },
                    ObjectFieldChoice {
                        name: "isDone",
                        field_id: "field_ce28JLQRAU",
                        shape_id: "shape_qvKmGxh-nZ",
                        is_removed: false,
                    },
                    ObjectFieldChoice {
                        name: "id",
                        field_id: "field_Cu-cFjI4FI",
                        shape_id: "shape_xXBDmbay66",
                        is_removed: false,
                    },
                    ObjectFieldChoice {
                        name: "dueDate",
                        field_id: "field_uOKkB-HlmR",
                        shape_id: "shape_9CwetZOv0K",
                        is_removed: false,
                    },
                ],
            },
        ),
    ],
    "shape_qvKmGxh-nZ": [
        Primitive(
            PrimitiveChoice {
                shape_id: "shape_qvKmGxh-nZ",
                json_type: Boolean,
            },
        ),
    ],
    "shape_s59DPL1y4C": [
        Primitive(
            PrimitiveChoice {
                shape_id: "shape_s59DPL1y4C",
                json_type: String,
            },
        ),
    ],
    "shape_xXBDmbay66": [
        Primitive(
            PrimitiveChoice {
                shape_id: "shape_xXBDmbay66",
                json_type: String,
            },
        ),
    ],
}
