---
source: workspaces/optic-engine-native/tests/e2e-scenarios.rs
expression: "Dot::with_config(&spec_projection.shape().graph, &[])"
---
digraph {
    0 [ label = "CoreShape(\l    CoreShapeNode {\l        shape_id: \"$string\",\l        descriptor: CoreShapeNodeDescriptor {\l            kind: StringKind,\l        },\l    },\l)\l" ]
    1 [ label = "CoreShape(\l    CoreShapeNode {\l        shape_id: \"$number\",\l        descriptor: CoreShapeNodeDescriptor {\l            kind: NumberKind,\l        },\l    },\l)\l" ]
    2 [ label = "CoreShape(\l    CoreShapeNode {\l        shape_id: \"$boolean\",\l        descriptor: CoreShapeNodeDescriptor {\l            kind: BooleanKind,\l        },\l    },\l)\l" ]
    3 [ label = "CoreShape(\l    CoreShapeNode {\l        shape_id: \"$list\",\l        descriptor: CoreShapeNodeDescriptor {\l            kind: ListKind,\l        },\l    },\l)\l" ]
    4 [ label = "ShapeParameter(\l    ShapeParameterNode {\l        parameter_id: \"$listItem\",\l        descriptor: ShapeParameterNodeDescriptor,\l    },\l)\l" ]
    5 [ label = "CoreShape(\l    CoreShapeNode {\l        shape_id: \"$object\",\l        descriptor: CoreShapeNodeDescriptor {\l            kind: ObjectKind,\l        },\l    },\l)\l" ]
    6 [ label = "CoreShape(\l    CoreShapeNode {\l        shape_id: \"$nullable\",\l        descriptor: CoreShapeNodeDescriptor {\l            kind: NullableKind,\l        },\l    },\l)\l" ]
    7 [ label = "ShapeParameter(\l    ShapeParameterNode {\l        parameter_id: \"$nullableInner\",\l        descriptor: ShapeParameterNodeDescriptor,\l    },\l)\l" ]
    8 [ label = "CoreShape(\l    CoreShapeNode {\l        shape_id: \"$unknown\",\l        descriptor: CoreShapeNodeDescriptor {\l            kind: UnknownKind,\l        },\l    },\l)\l" ]
    9 [ label = "CoreShape(\l    CoreShapeNode {\l        shape_id: \"$optional\",\l        descriptor: CoreShapeNodeDescriptor {\l            kind: OptionalKind,\l        },\l    },\l)\l" ]
    10 [ label = "ShapeParameter(\l    ShapeParameterNode {\l        parameter_id: \"$optionalInner\",\l        descriptor: ShapeParameterNodeDescriptor,\l    },\l)\l" ]
    11 [ label = "CoreShape(\l    CoreShapeNode {\l        shape_id: \"$oneOf\",\l        descriptor: CoreShapeNodeDescriptor {\l            kind: OneOfKind,\l        },\l    },\l)\l" ]
    12 [ label = "Shape(\l    ShapeNode {\l        shape_id: \"shape_ZUQJjxZZWk\",\l    },\l)\l" ]
    13 [ label = "Shape(\l    ShapeNode {\l        shape_id: \"shape_gHBFqqy32v\",\l    },\l)\l" ]
    14 [ label = "BatchCommit(\l    BatchCommitNode {\l        batch_id: \"eb323d68-2557-40f9-8926-dc531f6d57e7\",\l        created_at: \"2020-07-09T15:53:57.022Z\",\l    },\l)\l" ]
    15 [ label = "Shape(\l    ShapeNode {\l        shape_id: \"shape_4gwDxcPIcD\",\l    },\l)\l" ]
    16 [ label = "Shape(\l    ShapeNode {\l        shape_id: \"shape_GMtxDoA6QP\",\l    },\l)\l" ]
    17 [ label = "Shape(\l    ShapeNode {\l        shape_id: \"shape_1K7h84XwT6\",\l    },\l)\l" ]
    18 [ label = "Shape(\l    ShapeNode {\l        shape_id: \"shape_HBb7JQz6nd\",\l    },\l)\l" ]
    19 [ label = "Shape(\l    ShapeNode {\l        shape_id: \"shape_1VbLLR6vHi\",\l    },\l)\l" ]
    20 [ label = "Shape(\l    ShapeNode {\l        shape_id: \"shape_SjcBKS9X84\",\l    },\l)\l" ]
    21 [ label = "Shape(\l    ShapeNode {\l        shape_id: \"shape_mJS8YvoM93\",\l    },\l)\l" ]
    22 [ label = "Shape(\l    ShapeNode {\l        shape_id: \"shape_dHCx3UqvZy\",\l    },\l)\l" ]
    23 [ label = "Field(\l    FieldNode {\l        field_id: \"field_rmmGg6vaf7\",\l        descriptor: FieldNodeDescriptor {\l            name: \"country\",\l        },\l    },\l)\l" ]
    24 [ label = "Shape(\l    ShapeNode {\l        shape_id: \"shape_iTjHeinxZf\",\l    },\l)\l" ]
    25 [ label = "Field(\l    FieldNode {\l        field_id: \"field_npavLXSDbj\",\l        descriptor: FieldNodeDescriptor {\l            name: \"lat\",\l        },\l    },\l)\l" ]
    26 [ label = "Shape(\l    ShapeNode {\l        shape_id: \"shape_cnvPSZhe85\",\l    },\l)\l" ]
    27 [ label = "Field(\l    FieldNode {\l        field_id: \"field_f7TctEJF0J\",\l        descriptor: FieldNodeDescriptor {\l            name: \"locality\",\l        },\l    },\l)\l" ]
    28 [ label = "Shape(\l    ShapeNode {\l        shape_id: \"shape_6PiVFtClLo\",\l    },\l)\l" ]
    29 [ label = "Field(\l    FieldNode {\l        field_id: \"field_bucD5E3tTS\",\l        descriptor: FieldNodeDescriptor {\l            name: \"long\",\l        },\l    },\l)\l" ]
    30 [ label = "Field(\l    FieldNode {\l        field_id: \"field_qFQP5yfXhW\",\l        descriptor: FieldNodeDescriptor {\l            name: \"Location\",\l        },\l    },\l)\l" ]
    31 [ label = "Shape(\l    ShapeNode {\l        shape_id: \"shape_K6Xw9fkWDL\",\l    },\l)\l" ]
    32 [ label = "Field(\l    FieldNode {\l        field_id: \"field_ptSwJsy7tI\",\l        descriptor: FieldNodeDescriptor {\l            name: \"circuitId\",\l        },\l    },\l)\l" ]
    33 [ label = "Shape(\l    ShapeNode {\l        shape_id: \"shape_TErEvQDRaw\",\l    },\l)\l" ]
    34 [ label = "Field(\l    FieldNode {\l        field_id: \"field_uvJluUP3ut\",\l        descriptor: FieldNodeDescriptor {\l            name: \"circuitName\",\l        },\l    },\l)\l" ]
    35 [ label = "Shape(\l    ShapeNode {\l        shape_id: \"shape_wlrayc7Z9k\",\l    },\l)\l" ]
    36 [ label = "Field(\l    FieldNode {\l        field_id: \"field_dw1hKLcEMo\",\l        descriptor: FieldNodeDescriptor {\l            name: \"url\",\l        },\l    },\l)\l" ]
    37 [ label = "Field(\l    FieldNode {\l        field_id: \"field_s68MXfY4fa\",\l        descriptor: FieldNodeDescriptor {\l            name: \"Circuit\",\l        },\l    },\l)\l" ]
    38 [ label = "Shape(\l    ShapeNode {\l        shape_id: \"shape_XA5M5sp7FW\",\l    },\l)\l" ]
    39 [ label = "Shape(\l    ShapeNode {\l        shape_id: \"shape_KS7FqcnW2A\",\l    },\l)\l" ]
    40 [ label = "Shape(\l    ShapeNode {\l        shape_id: \"shape_kaSMMlXLVr\",\l    },\l)\l" ]
    41 [ label = "Field(\l    FieldNode {\l        field_id: \"field_s6VsXMW0us\",\l        descriptor: FieldNodeDescriptor {\l            name: \"constructorId\",\l        },\l    },\l)\l" ]
    42 [ label = "Shape(\l    ShapeNode {\l        shape_id: \"shape_1j3n4HJX9Q\",\l    },\l)\l" ]
    43 [ label = "Field(\l    FieldNode {\l        field_id: \"field_GSf561xjeR\",\l        descriptor: FieldNodeDescriptor {\l            name: \"name\",\l        },\l    },\l)\l" ]
    44 [ label = "Shape(\l    ShapeNode {\l        shape_id: \"shape_Y8rkTAcuZE\",\l    },\l)\l" ]
    45 [ label = "Field(\l    FieldNode {\l        field_id: \"field_rUJm7Tpubm\",\l        descriptor: FieldNodeDescriptor {\l            name: \"nationality\",\l        },\l    },\l)\l" ]
    46 [ label = "Shape(\l    ShapeNode {\l        shape_id: \"shape_oHbu87Sp9N\",\l    },\l)\l" ]
    47 [ label = "Field(\l    FieldNode {\l        field_id: \"field_TkpOoAcXqQ\",\l        descriptor: FieldNodeDescriptor {\l            name: \"url\",\l        },\l    },\l)\l" ]
    48 [ label = "Field(\l    FieldNode {\l        field_id: \"field_oD4xnLYdGS\",\l        descriptor: FieldNodeDescriptor {\l            name: \"Constructor\",\l        },\l    },\l)\l" ]
    49 [ label = "Shape(\l    ShapeNode {\l        shape_id: \"shape_Q1vmb3Yk2o\",\l    },\l)\l" ]
    50 [ label = "Shape(\l    ShapeNode {\l        shape_id: \"shape_hWdV0MH64c\",\l    },\l)\l" ]
    51 [ label = "Field(\l    FieldNode {\l        field_id: \"field_9SnD9jv8Tl\",\l        descriptor: FieldNodeDescriptor {\l            name: \"code\",\l        },\l    },\l)\l" ]
    52 [ label = "Shape(\l    ShapeNode {\l        shape_id: \"shape_O0T6r1aNzJ\",\l    },\l)\l" ]
    53 [ label = "Field(\l    FieldNode {\l        field_id: \"field_IlsI9NRyiz\",\l        descriptor: FieldNodeDescriptor {\l            name: \"dateOfBirth\",\l        },\l    },\l)\l" ]
    54 [ label = "Shape(\l    ShapeNode {\l        shape_id: \"shape_HA1BOdtyPQ\",\l    },\l)\l" ]
    55 [ label = "Field(\l    FieldNode {\l        field_id: \"field_7J5ypaUHV9\",\l        descriptor: FieldNodeDescriptor {\l            name: \"driverId\",\l        },\l    },\l)\l" ]
    56 [ label = "Shape(\l    ShapeNode {\l        shape_id: \"shape_hqbqzPsf3k\",\l    },\l)\l" ]
    57 [ label = "Field(\l    FieldNode {\l        field_id: \"field_9snl3gNh4X\",\l        descriptor: FieldNodeDescriptor {\l            name: \"familyName\",\l        },\l    },\l)\l" ]
    58 [ label = "Shape(\l    ShapeNode {\l        shape_id: \"shape_y7BytS15uN\",\l    },\l)\l" ]
    59 [ label = "Field(\l    FieldNode {\l        field_id: \"field_8H0yrYYep1\",\l        descriptor: FieldNodeDescriptor {\l            name: \"givenName\",\l        },\l    },\l)\l" ]
    60 [ label = "Shape(\l    ShapeNode {\l        shape_id: \"shape_dHPixDTUHS\",\l    },\l)\l" ]
    61 [ label = "Field(\l    FieldNode {\l        field_id: \"field_jdFc2OsRqK\",\l        descriptor: FieldNodeDescriptor {\l            name: \"nationality\",\l        },\l    },\l)\l" ]
    62 [ label = "Shape(\l    ShapeNode {\l        shape_id: \"shape_rJTgdHbZb7\",\l    },\l)\l" ]
    63 [ label = "Field(\l    FieldNode {\l        field_id: \"field_hVjqCtul7Q\",\l        descriptor: FieldNodeDescriptor {\l            name: \"permanentNumber\",\l        },\l    },\l)\l" ]
    64 [ label = "Shape(\l    ShapeNode {\l        shape_id: \"shape_LogwGfZ6dt\",\l    },\l)\l" ]
    65 [ label = "Field(\l    FieldNode {\l        field_id: \"field_81jKaGGrKR\",\l        descriptor: FieldNodeDescriptor {\l            name: \"url\",\l        },\l    },\l)\l" ]
    66 [ label = "Field(\l    FieldNode {\l        field_id: \"field_9NjjQ8XqiC\",\l        descriptor: FieldNodeDescriptor {\l            name: \"Driver\",\l        },\l    },\l)\l" ]
    67 [ label = "Shape(\l    ShapeNode {\l        shape_id: \"shape_DTHG1XLMPV\",\l    },\l)\l" ]
    68 [ label = "Shape(\l    ShapeNode {\l        shape_id: \"shape_Mz0Bk8LJx4\",\l    },\l)\l" ]
    69 [ label = "Shape(\l    ShapeNode {\l        shape_id: \"shape_g4w0rcshvo\",\l    },\l)\l" ]
    70 [ label = "Field(\l    FieldNode {\l        field_id: \"field_o5ULX5rah5\",\l        descriptor: FieldNodeDescriptor {\l            name: \"speed\",\l        },\l    },\l)\l" ]
    71 [ label = "Shape(\l    ShapeNode {\l        shape_id: \"shape_iIDIvLCcfS\",\l    },\l)\l" ]
    72 [ label = "Field(\l    FieldNode {\l        field_id: \"field_5Zv3SxFPOU\",\l        descriptor: FieldNodeDescriptor {\l            name: \"units\",\l        },\l    },\l)\l" ]
    73 [ label = "Field(\l    FieldNode {\l        field_id: \"field_dGAokm0W6a\",\l        descriptor: FieldNodeDescriptor {\l            name: \"AverageSpeed\",\l        },\l    },\l)\l" ]
    74 [ label = "Shape(\l    ShapeNode {\l        shape_id: \"shape_Hkes6mW059\",\l    },\l)\l" ]
    75 [ label = "Shape(\l    ShapeNode {\l        shape_id: \"shape_3Xq1EaSQkc\",\l    },\l)\l" ]
    76 [ label = "Field(\l    FieldNode {\l        field_id: \"field_6ydB4IrZlc\",\l        descriptor: FieldNodeDescriptor {\l            name: \"time\",\l        },\l    },\l)\l" ]
    77 [ label = "Field(\l    FieldNode {\l        field_id: \"field_aTz005ocl8\",\l        descriptor: FieldNodeDescriptor {\l            name: \"Time\",\l        },\l    },\l)\l" ]
    78 [ label = "Shape(\l    ShapeNode {\l        shape_id: \"shape_fzqDsTcmuM\",\l    },\l)\l" ]
    79 [ label = "Field(\l    FieldNode {\l        field_id: \"field_1LCpA0S0dv\",\l        descriptor: FieldNodeDescriptor {\l            name: \"lap\",\l        },\l    },\l)\l" ]
    80 [ label = "Shape(\l    ShapeNode {\l        shape_id: \"shape_cqBVUMcF7a\",\l    },\l)\l" ]
    81 [ label = "Field(\l    FieldNode {\l        field_id: \"field_WnKwfz5il8\",\l        descriptor: FieldNodeDescriptor {\l            name: \"rank\",\l        },\l    },\l)\l" ]
    82 [ label = "Field(\l    FieldNode {\l        field_id: \"field_lKkPHZp1kM\",\l        descriptor: FieldNodeDescriptor {\l            name: \"FastestLap\",\l        },\l    },\l)\l" ]
    83 [ label = "Shape(\l    ShapeNode {\l        shape_id: \"shape_ZaQCM40d39\",\l    },\l)\l" ]
    84 [ label = "Shape(\l    ShapeNode {\l        shape_id: \"shape_5pwI4nMken\",\l    },\l)\l" ]
    85 [ label = "Field(\l    FieldNode {\l        field_id: \"field_gOoqPkowDP\",\l        descriptor: FieldNodeDescriptor {\l            name: \"millis\",\l        },\l    },\l)\l" ]
    86 [ label = "Shape(\l    ShapeNode {\l        shape_id: \"shape_ixSsYcqP04\",\l    },\l)\l" ]
    87 [ label = "Field(\l    FieldNode {\l        field_id: \"field_aI3iJKd8d8\",\l        descriptor: FieldNodeDescriptor {\l            name: \"time\",\l        },\l    },\l)\l" ]
    88 [ label = "Field(\l    FieldNode {\l        field_id: \"field_jBer8hMnm5\",\l        descriptor: FieldNodeDescriptor {\l            name: \"Time\",\l        },\l    },\l)\l" ]
    89 [ label = "Shape(\l    ShapeNode {\l        shape_id: \"shape_M1u1THiLg5\",\l    },\l)\l" ]
    90 [ label = "Field(\l    FieldNode {\l        field_id: \"field_EctFv7oFaj\",\l        descriptor: FieldNodeDescriptor {\l            name: \"grid\",\l        },\l    },\l)\l" ]
    91 [ label = "Shape(\l    ShapeNode {\l        shape_id: \"shape_E3wIBYUTxz\",\l    },\l)\l" ]
    92 [ label = "Field(\l    FieldNode {\l        field_id: \"field_H4Pl7Ds9uR\",\l        descriptor: FieldNodeDescriptor {\l            name: \"laps\",\l        },\l    },\l)\l" ]
    93 [ label = "Shape(\l    ShapeNode {\l        shape_id: \"shape_DEfFaB2sUk\",\l    },\l)\l" ]
    94 [ label = "Field(\l    FieldNode {\l        field_id: \"field_aCn1z3SwaT\",\l        descriptor: FieldNodeDescriptor {\l            name: \"number\",\l        },\l    },\l)\l" ]
    95 [ label = "Shape(\l    ShapeNode {\l        shape_id: \"shape_txo6ZqOtpk\",\l    },\l)\l" ]
    96 [ label = "Field(\l    FieldNode {\l        field_id: \"field_vsB4s8Pe09\",\l        descriptor: FieldNodeDescriptor {\l            name: \"points\",\l        },\l    },\l)\l" ]
    97 [ label = "Shape(\l    ShapeNode {\l        shape_id: \"shape_xlbP1rucqo\",\l    },\l)\l" ]
    98 [ label = "Field(\l    FieldNode {\l        field_id: \"field_c0MactNj2A\",\l        descriptor: FieldNodeDescriptor {\l            name: \"position\",\l        },\l    },\l)\l" ]
    99 [ label = "Shape(\l    ShapeNode {\l        shape_id: \"shape_9MGrgzPhOw\",\l    },\l)\l" ]
    100 [ label = "Field(\l    FieldNode {\l        field_id: \"field_VuPEcyF1vf\",\l        descriptor: FieldNodeDescriptor {\l            name: \"positionText\",\l        },\l    },\l)\l" ]
    101 [ label = "Shape(\l    ShapeNode {\l        shape_id: \"shape_DHB4lACdul\",\l    },\l)\l" ]
    102 [ label = "Field(\l    FieldNode {\l        field_id: \"field_9dSuRtTTxG\",\l        descriptor: FieldNodeDescriptor {\l            name: \"status\",\l        },\l    },\l)\l" ]
    103 [ label = "Shape(\l    ShapeNode {\l        shape_id: \"shape_3qED1KRQhg\",\l    },\l)\l" ]
    104 [ label = "Field(\l    FieldNode {\l        field_id: \"field_zOCRycvAZJ\",\l        descriptor: FieldNodeDescriptor {\l            name: \"Results\",\l        },\l    },\l)\l" ]
    105 [ label = "Shape(\l    ShapeNode {\l        shape_id: \"shape_h8jdPLNKsp\",\l    },\l)\l" ]
    106 [ label = "Field(\l    FieldNode {\l        field_id: \"field_Uh902Vk78C\",\l        descriptor: FieldNodeDescriptor {\l            name: \"date\",\l        },\l    },\l)\l" ]
    107 [ label = "Shape(\l    ShapeNode {\l        shape_id: \"shape_qqIHC6xDVH\",\l    },\l)\l" ]
    108 [ label = "Field(\l    FieldNode {\l        field_id: \"field_ITFL2jMB8x\",\l        descriptor: FieldNodeDescriptor {\l            name: \"raceName\",\l        },\l    },\l)\l" ]
    109 [ label = "Shape(\l    ShapeNode {\l        shape_id: \"shape_i61BOAwOhw\",\l    },\l)\l" ]
    110 [ label = "Field(\l    FieldNode {\l        field_id: \"field_tHi1Gwb8Ku\",\l        descriptor: FieldNodeDescriptor {\l            name: \"round\",\l        },\l    },\l)\l" ]
    111 [ label = "Shape(\l    ShapeNode {\l        shape_id: \"shape_JqT7NUslk6\",\l    },\l)\l" ]
    112 [ label = "Field(\l    FieldNode {\l        field_id: \"field_fxqkg1XvG1\",\l        descriptor: FieldNodeDescriptor {\l            name: \"season\",\l        },\l    },\l)\l" ]
    113 [ label = "Shape(\l    ShapeNode {\l        shape_id: \"shape_vtcch5ZDVh\",\l    },\l)\l" ]
    114 [ label = "Field(\l    FieldNode {\l        field_id: \"field_EOHqqOsyYy\",\l        descriptor: FieldNodeDescriptor {\l            name: \"time\",\l        },\l    },\l)\l" ]
    115 [ label = "Shape(\l    ShapeNode {\l        shape_id: \"shape_fj2yWpRDEh\",\l    },\l)\l" ]
    116 [ label = "Field(\l    FieldNode {\l        field_id: \"field_5vrGHyf7ZM\",\l        descriptor: FieldNodeDescriptor {\l            name: \"url\",\l        },\l    },\l)\l" ]
    117 [ label = "Shape(\l    ShapeNode {\l        shape_id: \"shape_oCz30NI4Be\",\l    },\l)\l" ]
    118 [ label = "Field(\l    FieldNode {\l        field_id: \"field_pwfcDq2meR\",\l        descriptor: FieldNodeDescriptor {\l            name: \"Races\",\l        },\l    },\l)\l" ]
    119 [ label = "Shape(\l    ShapeNode {\l        shape_id: \"shape_9nsoVJbTP1\",\l    },\l)\l" ]
    120 [ label = "Field(\l    FieldNode {\l        field_id: \"field_44RBXlpcQJ\",\l        descriptor: FieldNodeDescriptor {\l            name: \"driverId\",\l        },\l    },\l)\l" ]
    121 [ label = "Shape(\l    ShapeNode {\l        shape_id: \"shape_Gs1LzYEfCQ\",\l    },\l)\l" ]
    122 [ label = "Field(\l    FieldNode {\l        field_id: \"field_twka43JljA\",\l        descriptor: FieldNodeDescriptor {\l            name: \"season\",\l        },\l    },\l)\l" ]
    123 [ label = "Field(\l    FieldNode {\l        field_id: \"field_I25Vs4cAAF\",\l        descriptor: FieldNodeDescriptor {\l            name: \"RaceTable\",\l        },\l    },\l)\l" ]
    124 [ label = "Shape(\l    ShapeNode {\l        shape_id: \"shape_0Z1KxFx3Q3\",\l    },\l)\l" ]
    125 [ label = "Field(\l    FieldNode {\l        field_id: \"field_D2sd46FKwj\",\l        descriptor: FieldNodeDescriptor {\l            name: \"limit\",\l        },\l    },\l)\l" ]
    126 [ label = "Shape(\l    ShapeNode {\l        shape_id: \"shape_OsCK29Ako2\",\l    },\l)\l" ]
    127 [ label = "Field(\l    FieldNode {\l        field_id: \"field_AJm7jNHyxN\",\l        descriptor: FieldNodeDescriptor {\l            name: \"offset\",\l        },\l    },\l)\l" ]
    128 [ label = "Shape(\l    ShapeNode {\l        shape_id: \"shape_xMMQP7RnaR\",\l    },\l)\l" ]
    129 [ label = "Field(\l    FieldNode {\l        field_id: \"field_HHoUcbcxiY\",\l        descriptor: FieldNodeDescriptor {\l            name: \"series\",\l        },\l    },\l)\l" ]
    130 [ label = "Shape(\l    ShapeNode {\l        shape_id: \"shape_7okUlcsfTe\",\l    },\l)\l" ]
    131 [ label = "Field(\l    FieldNode {\l        field_id: \"field_dlVIugfUjy\",\l        descriptor: FieldNodeDescriptor {\l            name: \"total\",\l        },\l    },\l)\l" ]
    132 [ label = "Shape(\l    ShapeNode {\l        shape_id: \"shape_4l2V7bUzNQ\",\l    },\l)\l" ]
    133 [ label = "Field(\l    FieldNode {\l        field_id: \"field_bCm0zHsqCa\",\l        descriptor: FieldNodeDescriptor {\l            name: \"url\",\l        },\l    },\l)\l" ]
    134 [ label = "Shape(\l    ShapeNode {\l        shape_id: \"shape_7bGGTfwuUs\",\l    },\l)\l" ]
    135 [ label = "Field(\l    FieldNode {\l        field_id: \"field_u20HS5kyf1\",\l        descriptor: FieldNodeDescriptor {\l            name: \"xmlns\",\l        },\l    },\l)\l" ]
    136 [ label = "Field(\l    FieldNode {\l        field_id: \"field_AfS6EZ0kL3\",\l        descriptor: FieldNodeDescriptor {\l            name: \"MRData\",\l        },\l    },\l)\l" ]
    4 -> 3 [ label = "IsParameterOf\l" ]
    7 -> 6 [ label = "IsParameterOf\l" ]
    10 -> 9 [ label = "IsParameterOf\l" ]
    12 -> 0 [ label = "IsDescendantOf\l" ]
    13 -> 0 [ label = "IsDescendantOf\l" ]
    15 -> 5 [ label = "IsDescendantOf\l" ]
    16 -> 5 [ label = "IsDescendantOf\l" ]
    17 -> 5 [ label = "IsDescendantOf\l" ]
    18 -> 5 [ label = "IsDescendantOf\l" ]
    19 -> 5 [ label = "IsDescendantOf\l" ]
    20 -> 5 [ label = "IsDescendantOf\l" ]
    21 -> 5 [ label = "IsDescendantOf\l" ]
    22 -> 0 [ label = "IsDescendantOf\l" ]
    22 -> 23 [ label = "BelongsTo\l" ]
    23 -> 21 [ label = "IsFieldOf\l" ]
    24 -> 0 [ label = "IsDescendantOf\l" ]
    24 -> 25 [ label = "BelongsTo\l" ]
    25 -> 21 [ label = "IsFieldOf\l" ]
    26 -> 0 [ label = "IsDescendantOf\l" ]
    26 -> 27 [ label = "BelongsTo\l" ]
    27 -> 21 [ label = "IsFieldOf\l" ]
    28 -> 0 [ label = "IsDescendantOf\l" ]
    28 -> 29 [ label = "BelongsTo\l" ]
    29 -> 21 [ label = "IsFieldOf\l" ]
    21 -> 30 [ label = "BelongsTo\l" ]
    30 -> 20 [ label = "IsFieldOf\l" ]
    31 -> 0 [ label = "IsDescendantOf\l" ]
    31 -> 32 [ label = "BelongsTo\l" ]
    32 -> 20 [ label = "IsFieldOf\l" ]
    33 -> 0 [ label = "IsDescendantOf\l" ]
    33 -> 34 [ label = "BelongsTo\l" ]
    34 -> 20 [ label = "IsFieldOf\l" ]
    35 -> 0 [ label = "IsDescendantOf\l" ]
    35 -> 36 [ label = "BelongsTo\l" ]
    36 -> 20 [ label = "IsFieldOf\l" ]
    20 -> 37 [ label = "BelongsTo\l" ]
    37 -> 19 [ label = "IsFieldOf\l" ]
    38 -> 5 [ label = "IsDescendantOf\l" ]
    39 -> 5 [ label = "IsDescendantOf\l" ]
    40 -> 0 [ label = "IsDescendantOf\l" ]
    40 -> 41 [ label = "BelongsTo\l" ]
    41 -> 39 [ label = "IsFieldOf\l" ]
    42 -> 0 [ label = "IsDescendantOf\l" ]
    42 -> 43 [ label = "BelongsTo\l" ]
    43 -> 39 [ label = "IsFieldOf\l" ]
    44 -> 0 [ label = "IsDescendantOf\l" ]
    44 -> 45 [ label = "BelongsTo\l" ]
    45 -> 39 [ label = "IsFieldOf\l" ]
    46 -> 0 [ label = "IsDescendantOf\l" ]
    46 -> 47 [ label = "BelongsTo\l" ]
    47 -> 39 [ label = "IsFieldOf\l" ]
    39 -> 48 [ label = "BelongsTo\l" ]
    48 -> 38 [ label = "IsFieldOf\l" ]
    49 -> 5 [ label = "IsDescendantOf\l" ]
    50 -> 0 [ label = "IsDescendantOf\l" ]
    50 -> 51 [ label = "BelongsTo\l" ]
    51 -> 49 [ label = "IsFieldOf\l" ]
    52 -> 0 [ label = "IsDescendantOf\l" ]
    52 -> 53 [ label = "BelongsTo\l" ]
    53 -> 49 [ label = "IsFieldOf\l" ]
    54 -> 0 [ label = "IsDescendantOf\l" ]
    54 -> 55 [ label = "BelongsTo\l" ]
    55 -> 49 [ label = "IsFieldOf\l" ]
    56 -> 0 [ label = "IsDescendantOf\l" ]
    56 -> 57 [ label = "BelongsTo\l" ]
    57 -> 49 [ label = "IsFieldOf\l" ]
    58 -> 0 [ label = "IsDescendantOf\l" ]
    58 -> 59 [ label = "BelongsTo\l" ]
    59 -> 49 [ label = "IsFieldOf\l" ]
    60 -> 0 [ label = "IsDescendantOf\l" ]
    60 -> 61 [ label = "BelongsTo\l" ]
    61 -> 49 [ label = "IsFieldOf\l" ]
    62 -> 0 [ label = "IsDescendantOf\l" ]
    62 -> 63 [ label = "BelongsTo\l" ]
    63 -> 49 [ label = "IsFieldOf\l" ]
    64 -> 0 [ label = "IsDescendantOf\l" ]
    64 -> 65 [ label = "BelongsTo\l" ]
    65 -> 49 [ label = "IsFieldOf\l" ]
    49 -> 66 [ label = "BelongsTo\l" ]
    66 -> 38 [ label = "IsFieldOf\l" ]
    67 -> 5 [ label = "IsDescendantOf\l" ]
    68 -> 5 [ label = "IsDescendantOf\l" ]
    69 -> 0 [ label = "IsDescendantOf\l" ]
    69 -> 70 [ label = "BelongsTo\l" ]
    70 -> 68 [ label = "IsFieldOf\l" ]
    71 -> 0 [ label = "IsDescendantOf\l" ]
    71 -> 72 [ label = "BelongsTo\l" ]
    72 -> 68 [ label = "IsFieldOf\l" ]
    68 -> 73 [ label = "BelongsTo\l" ]
    73 -> 67 [ label = "IsFieldOf\l" ]
    74 -> 5 [ label = "IsDescendantOf\l" ]
    75 -> 0 [ label = "IsDescendantOf\l" ]
    75 -> 76 [ label = "BelongsTo\l" ]
    76 -> 74 [ label = "IsFieldOf\l" ]
    74 -> 77 [ label = "BelongsTo\l" ]
    77 -> 67 [ label = "IsFieldOf\l" ]
    78 -> 0 [ label = "IsDescendantOf\l" ]
    78 -> 79 [ label = "BelongsTo\l" ]
    79 -> 67 [ label = "IsFieldOf\l" ]
    80 -> 0 [ label = "IsDescendantOf\l" ]
    80 -> 81 [ label = "BelongsTo\l" ]
    81 -> 67 [ label = "IsFieldOf\l" ]
    67 -> 82 [ label = "BelongsTo\l" ]
    82 -> 38 [ label = "IsFieldOf\l" ]
    83 -> 5 [ label = "IsDescendantOf\l" ]
    84 -> 0 [ label = "IsDescendantOf\l" ]
    84 -> 85 [ label = "BelongsTo\l" ]
    85 -> 83 [ label = "IsFieldOf\l" ]
    86 -> 0 [ label = "IsDescendantOf\l" ]
    86 -> 87 [ label = "BelongsTo\l" ]
    87 -> 83 [ label = "IsFieldOf\l" ]
    83 -> 88 [ label = "BelongsTo\l" ]
    88 -> 38 [ label = "IsFieldOf\l" ]
    89 -> 0 [ label = "IsDescendantOf\l" ]
    89 -> 90 [ label = "BelongsTo\l" ]
    90 -> 38 [ label = "IsFieldOf\l" ]
    91 -> 0 [ label = "IsDescendantOf\l" ]
    91 -> 92 [ label = "BelongsTo\l" ]
    92 -> 38 [ label = "IsFieldOf\l" ]
    93 -> 0 [ label = "IsDescendantOf\l" ]
    93 -> 94 [ label = "BelongsTo\l" ]
    94 -> 38 [ label = "IsFieldOf\l" ]
    95 -> 0 [ label = "IsDescendantOf\l" ]
    95 -> 96 [ label = "BelongsTo\l" ]
    96 -> 38 [ label = "IsFieldOf\l" ]
    97 -> 0 [ label = "IsDescendantOf\l" ]
    97 -> 98 [ label = "BelongsTo\l" ]
    98 -> 38 [ label = "IsFieldOf\l" ]
    99 -> 0 [ label = "IsDescendantOf\l" ]
    99 -> 100 [ label = "BelongsTo\l" ]
    100 -> 38 [ label = "IsFieldOf\l" ]
    101 -> 0 [ label = "IsDescendantOf\l" ]
    101 -> 102 [ label = "BelongsTo\l" ]
    102 -> 38 [ label = "IsFieldOf\l" ]
    103 -> 3 [ label = "IsDescendantOf\l" ]
    103 -> 104 [ label = "BelongsTo\l" ]
    104 -> 19 [ label = "IsFieldOf\l" ]
    105 -> 0 [ label = "IsDescendantOf\l" ]
    105 -> 106 [ label = "BelongsTo\l" ]
    106 -> 19 [ label = "IsFieldOf\l" ]
    107 -> 0 [ label = "IsDescendantOf\l" ]
    107 -> 108 [ label = "BelongsTo\l" ]
    108 -> 19 [ label = "IsFieldOf\l" ]
    109 -> 0 [ label = "IsDescendantOf\l" ]
    109 -> 110 [ label = "BelongsTo\l" ]
    110 -> 19 [ label = "IsFieldOf\l" ]
    111 -> 0 [ label = "IsDescendantOf\l" ]
    111 -> 112 [ label = "BelongsTo\l" ]
    112 -> 19 [ label = "IsFieldOf\l" ]
    113 -> 0 [ label = "IsDescendantOf\l" ]
    113 -> 114 [ label = "BelongsTo\l" ]
    114 -> 19 [ label = "IsFieldOf\l" ]
    115 -> 0 [ label = "IsDescendantOf\l" ]
    115 -> 116 [ label = "BelongsTo\l" ]
    116 -> 19 [ label = "IsFieldOf\l" ]
    117 -> 3 [ label = "IsDescendantOf\l" ]
    117 -> 118 [ label = "BelongsTo\l" ]
    118 -> 18 [ label = "IsFieldOf\l" ]
    119 -> 0 [ label = "IsDescendantOf\l" ]
    119 -> 120 [ label = "BelongsTo\l" ]
    120 -> 18 [ label = "IsFieldOf\l" ]
    121 -> 0 [ label = "IsDescendantOf\l" ]
    121 -> 122 [ label = "BelongsTo\l" ]
    122 -> 18 [ label = "IsFieldOf\l" ]
    18 -> 123 [ label = "BelongsTo\l" ]
    123 -> 17 [ label = "IsFieldOf\l" ]
    124 -> 0 [ label = "IsDescendantOf\l" ]
    124 -> 125 [ label = "BelongsTo\l" ]
    125 -> 17 [ label = "IsFieldOf\l" ]
    126 -> 0 [ label = "IsDescendantOf\l" ]
    126 -> 127 [ label = "BelongsTo\l" ]
    127 -> 17 [ label = "IsFieldOf\l" ]
    128 -> 0 [ label = "IsDescendantOf\l" ]
    128 -> 129 [ label = "BelongsTo\l" ]
    129 -> 17 [ label = "IsFieldOf\l" ]
    130 -> 0 [ label = "IsDescendantOf\l" ]
    130 -> 131 [ label = "BelongsTo\l" ]
    131 -> 17 [ label = "IsFieldOf\l" ]
    132 -> 0 [ label = "IsDescendantOf\l" ]
    132 -> 133 [ label = "BelongsTo\l" ]
    133 -> 17 [ label = "IsFieldOf\l" ]
    134 -> 0 [ label = "IsDescendantOf\l" ]
    134 -> 135 [ label = "BelongsTo\l" ]
    135 -> 17 [ label = "IsFieldOf\l" ]
    17 -> 136 [ label = "BelongsTo\l" ]
    136 -> 16 [ label = "IsFieldOf\l" ]
    103 -> 4 [ label = "HasBinding(\l    ShapeParameterBinding {\l        shape_id: \"shape_XA5M5sp7FW\",\l    },\l)\l" ]
    117 -> 4 [ label = "HasBinding(\l    ShapeParameterBinding {\l        shape_id: \"shape_1VbLLR6vHi\",\l    },\l)\l" ]
}

