// Jest Snapshot v1, https://goo.gl/fbAQLP

exports[`required shape patch generator missing required fields will patch as 'make optional' or 'remove' 1`] = `
[
  {
    "description": "make property f3 optional",
    "diff": {
      "description": "required property 'f3' was missing",
      "example": undefined,
      "instancePath": "/hello/f3",
      "key": "f3",
      "keyword": "required",
      "kind": "MissingRequiredProperty",
      "parentObjectPath": "/properties/hello",
      "propertyPath": "/properties/hello/properties/f3",
    },
    "groupedOperations": [
      {
        "intent": "remove f3 from parent's required array",
        "operations": [
          {
            "op": "remove",
            "path": "/properties/hello/required/2",
          },
        ],
      },
    ],
    "impact": [
      "Addition",
      "BackwardsCompatibilityUnknown",
    ],
  },
  {
    "description": "remove property f3",
    "diff": {
      "description": "required property 'f3' was missing",
      "example": undefined,
      "instancePath": "/hello/f3",
      "key": "f3",
      "keyword": "required",
      "kind": "MissingRequiredProperty",
      "parentObjectPath": "/properties/hello",
      "propertyPath": "/properties/hello/properties/f3",
    },
    "groupedOperations": [
      {
        "intent": "remove f3 from parent's required array",
        "operations": [
          {
            "op": "remove",
            "path": "/properties/hello/required/2",
          },
        ],
      },
      {
        "intent": "remove f3 from parent's properties object",
        "operations": [
          {
            "op": "remove",
            "path": "/properties/hello/properties/f3",
          },
        ],
      },
    ],
    "impact": [
      "BackwardsCompatibilityUnknown",
    ],
  },
]
`;
