// Jest Snapshot v1, https://goo.gl/fbAQLP

exports[`ProxyInteractions captures requests and responses, proxied to a target server 1`] = `
{
  "request": {
    "body": {
      "buffer": {
        "data": [
          115,
          116,
          114,
          105,
          110,
          103,
        ],
        "type": "Buffer",
      },
    },
    "headers": {
      "accept-encoding": "br, gzip, deflate",
      "connection": "close",
      "content-length": "6",
      "host": "localhost:8001",
    },
    "httpVersion": "1.1",
    "id": Any<String>,
    "method": "GET",
    "path": "/some-path",
    "protocol": "http",
    "rawHeaders": Any<Array>,
    "timingEvents": {
      "bodyReceivedTimestamp": Any<Number>,
      "headersSentTimestamp": Any<Number>,
      "responseSentTimestamp": Any<Number>,
      "startTime": Any<Number>,
      "startTimestamp": Any<Number>,
    },
    "url": "http://localhost:8001/some-path",
  },
  "response": {
    "body": {
      "buffer": {
        "data": [
          84,
          101,
          115,
          116,
          32,
          114,
          101,
          115,
          112,
          111,
          110,
          115,
          101,
        ],
        "type": "Buffer",
      },
    },
    "headers": {
      "connection": "close",
      "date": Any<String>,
      "transfer-encoding": "chunked",
    },
    "id": Any<String>,
    "rawHeaders": Any<Array>,
    "statusCode": 200,
    "statusMessage": "OK",
    "timingEvents": {
      "bodyReceivedTimestamp": Any<Number>,
      "headersSentTimestamp": Any<Number>,
      "responseSentTimestamp": Any<Number>,
      "startTime": Any<Number>,
      "startTimestamp": Any<Number>,
    },
  },
}
`;
