// Jest Snapshot v1, https://goo.gl/fbAQLP

exports[`requests differ does not enforce required yet 1`] = `
Object {
  "context": undefined,
  "diffs": Array [],
  "error": undefined,
  "isDiff": true,
  "isMatch": false,
}
`;

exports[`requests differ matches a known request content type 1`] = `
Object {
  "context": undefined,
  "diffs": Array [],
  "error": undefined,
  "isDiff": true,
  "isMatch": false,
}
`;

exports[`requests differ will emit shape diffs in matched requestBody 1`] = `
Object {
  "context": undefined,
  "diffs": Array [
    Object {
      "example": Object {
        "hello": "world",
        "newField": 123,
      },
      "instancePath": "/newField",
      "key": "newField",
      "keyword": "additionalProperties",
      "location": Object {
        "inRequest": Object {
          "body": Object {
            "contentType": "application/json",
          },
        },
        "jsonSchemaTrail": Array [],
        "method": "post",
        "path": "/example",
      },
      "parentObjectPath": "/additionalProperties",
      "propertyExamplePath": "/newField",
      "propertyPath": "/additionalProperties/newField",
      "schemaPath": "/schema",
      "type": "BodyAdditionalProperty",
    },
  ],
  "error": undefined,
  "isDiff": true,
  "isMatch": false,
}
`;

exports[`requests differ will not emit a diff for a new kind of body that is not json 1`] = `
Object {
  "context": undefined,
  "diffs": Array [],
  "error": undefined,
  "isDiff": true,
  "isMatch": false,
}
`;
