---
source: workspaces/optic-engine-native/src/commands/endpoint.rs
expression: new_events
---
[
    RequestBodySet(
        RequestBodySet {
            request_id: "request_1",
            body_descriptor: ShapedBodyDescriptor {
                http_content_type: "application/json",
                shape_id: "shape_1",
                is_removed: false,
            },
            event_context: None,
        },
    ),
]
