// Jest Snapshot v1, https://goo.gl/fbAQLP

exports[`optic ruleset publish can publish a ruleset 1`] = `
"Successfully published the ruleset
View this ruleset at http://app.useoptic.com/ruleset_url
"
`;

exports[`optic ruleset publish exits if ruleset file shape is not valid 1`] = `
"Rule file is invalid:
data/default must have required property 'rules'
Rules file does not match expected format. Expected ruleset file to have a default export with the shape
{
  name: string;
  rules: (Ruleset | Rule)[]
}
"
`;
