// Jest Snapshot v1, https://goo.gl/fbAQLP

exports[`can normalize an openapi operation 1`] = `
Array [
  Object {
    "coordinates": Object {
      "apiId": "query/other-query",
      "jsonPath": "/paths/~1example/get/parameters/1",
    },
    "diff": "node-added",
    "kind": "query-parameter",
  },
  Object {
    "coordinates": Object {
      "apiId": "path/id",
      "jsonPath": "/paths/~1example/get/parameters/1",
    },
    "diff": "node-removed",
    "kind": "path-parameter",
  },
  Object {
    "after": "this one",
    "attribute": "description",
    "before": undefined,
    "coordinates": Object {
      "apiId": "query/example",
      "jsonPath": "/paths/~1example/get/parameters/0/description",
    },
    "diff": "node-updated",
    "kind": "query-parameter",
  },
  Object {
    "after": undefined,
    "attribute": "explode",
    "before": true,
    "coordinates": Object {
      "apiId": "query/example",
      "jsonPath": "/paths/~1example/get/parameters/0/explode",
    },
    "diff": "node-updated",
    "kind": "query-parameter",
  },
  Object {
    "after": false,
    "attribute": "required",
    "before": true,
    "coordinates": Object {
      "apiId": "query/example",
      "jsonPath": "/paths/~1example/get/parameters/0/required",
    },
    "diff": "node-updated",
    "kind": "query-parameter",
  },
]
`;
