// Jest Snapshot v1, https://goo.gl/fbAQLP

exports[`reading sourcemaps can get file path of forign file for any pointer relative to flattened json 1`] = `"/projects/openapi-io/inputs/openapi3-with-references/definitions.yaml"`;

exports[`reading sourcemaps can get file paths json pointer in main file relative to flattened json 1`] = `"/projects/openapi-io/inputs/openapi3-with-references/external-multiple.yaml"`;

exports[`reading sourcemaps lines in affected file for sub-property 1`] = `
{
  "endLine": 8,
  "endPosition": 111,
  "filePath": "/projects/openapi-io/inputs/openapi3-with-references/definitions.yaml",
  "startLine": 8,
  "startPosition": 98,
}
`;

exports[`reading sourcemaps lines in affected for object 1`] = `
{
  "endLine": 7,
  "endPosition": 117,
  "filePath": "/projects/openapi-io/inputs/openapi3-with-references/external-multiple.yaml",
  "startLine": 3,
  "startPosition": 37,
}
`;

exports[`reading sourcemaps resolve a large sampling of known-valid keys 1`] = `
[
  {
    "endLine": 208,
    "endPosition": 9182,
    "filePath": "/001-ok-add-property-field.yaml",
    "startLine": 205,
    "startPosition": 9021,
  },
  {
    "endLine": 199,
    "endPosition": 8823,
    "filePath": "/001-ok-add-property-field.yaml",
    "startLine": 195,
    "startPosition": 8648,
  },
  {
    "endLine": 7,
    "endPosition": 123,
    "filePath": "/common.yaml",
    "startLine": 1,
    "startPosition": 0,
  },
  {
    "endLine": 7,
    "endPosition": 123,
    "filePath": "/common.yaml",
    "startLine": 1,
    "startPosition": 0,
  },
  {
    "endLine": 8,
    "endPosition": 172,
    "filePath": "/errors.yaml",
    "startLine": 5,
    "startPosition": 96,
  },
  {
    "endLine": 8,
    "endPosition": 172,
    "filePath": "/errors.yaml",
    "startLine": 5,
    "startPosition": 96,
  },
  {
    "endLine": 5,
    "endPosition": 69,
    "filePath": "/common.yaml",
    "startLine": 4,
    "startPosition": 42,
  },
  {
    "endLine": 7,
    "endPosition": 334,
    "filePath": "/headers.yaml",
    "startLine": 5,
    "startPosition": 168,
  },
  {
    "endLine": 17,
    "endPosition": 320,
    "filePath": "/errors.yaml",
    "startLine": 15,
    "startPosition": 279,
  },
  {
    "endLine": 7,
    "endPosition": 123,
    "filePath": "/common.yaml",
    "startLine": 1,
    "startPosition": 0,
  },
  {
    "endLine": 8,
    "endPosition": 172,
    "filePath": "/errors.yaml",
    "startLine": 5,
    "startPosition": 96,
  },
  {
    "endLine": 7,
    "endPosition": 123,
    "filePath": "/common.yaml",
    "startLine": 1,
    "startPosition": 0,
  },
  {
    "endLine": 19,
    "endPosition": 351,
    "filePath": "/errors.yaml",
    "startLine": 18,
    "startPosition": 325,
  },
  {
    "endLine": 26,
    "endPosition": 471,
    "filePath": "/errors.yaml",
    "startLine": 25,
    "startPosition": 440,
  },
  {
    "endLine": 208,
    "endPosition": 9182,
    "filePath": "/001-ok-add-property-field.yaml",
    "startLine": 205,
    "startPosition": 9021,
  },
  {
    "endLine": 21,
    "endPosition": 382,
    "filePath": "/errors.yaml",
    "startLine": 20,
    "startPosition": 356,
  },
  {
    "endLine": 28,
    "endPosition": 513,
    "filePath": "/errors.yaml",
    "startLine": 27,
    "startPosition": 480,
  },
  {
    "endLine": 182,
    "endPosition": 8363,
    "filePath": "/001-ok-add-property-field.yaml",
    "startLine": 178,
    "startPosition": 8205,
  },
  {
    "endLine": 17,
    "endPosition": 320,
    "filePath": "/errors.yaml",
    "startLine": 15,
    "startPosition": 279,
  },
  {
    "endLine": 21,
    "endPosition": 382,
    "filePath": "/errors.yaml",
    "startLine": 20,
    "startPosition": 356,
  },
  {
    "endLine": 29,
    "endPosition": 547,
    "filePath": "/errors.yaml",
    "startLine": 22,
    "startPosition": 387,
  },
  {
    "endLine": 17,
    "endPosition": 320,
    "filePath": "/errors.yaml",
    "startLine": 15,
    "startPosition": 279,
  },
  {
    "endLine": 7,
    "endPosition": 334,
    "filePath": "/headers.yaml",
    "startLine": 5,
    "startPosition": 168,
  },
  {
    "endLine": 28,
    "endPosition": 513,
    "filePath": "/errors.yaml",
    "startLine": 27,
    "startPosition": 480,
  },
  {
    "endLine": 26,
    "endPosition": 471,
    "filePath": "/errors.yaml",
    "startLine": 25,
    "startPosition": 440,
  },
  {
    "endLine": 50,
    "endPosition": 1527,
    "filePath": "/headers.yaml",
    "startLine": 44,
    "startPosition": 1294,
  },
  {
    "endLine": 21,
    "endPosition": 382,
    "filePath": "/errors.yaml",
    "startLine": 20,
    "startPosition": 356,
  },
  {
    "endLine": 5,
    "endPosition": 69,
    "filePath": "/common.yaml",
    "startLine": 4,
    "startPosition": 42,
  },
  {
    "endLine": 8,
    "endPosition": 172,
    "filePath": "/errors.yaml",
    "startLine": 5,
    "startPosition": 96,
  },
  {
    "endLine": 7,
    "endPosition": 123,
    "filePath": "/common.yaml",
    "startLine": 1,
    "startPosition": 0,
  },
  {
    "endLine": 29,
    "endPosition": 547,
    "filePath": "/errors.yaml",
    "startLine": 22,
    "startPosition": 387,
  },
  {
    "endLine": 70,
    "endPosition": 1447,
    "filePath": "/common.yaml",
    "startLine": 56,
    "startPosition": 1125,
  },
  {
    "endLine": 52,
    "endPosition": 1074,
    "filePath": "/common.yaml",
    "startLine": 41,
    "startPosition": 863,
  },
  {
    "endLine": 19,
    "endPosition": 351,
    "filePath": "/errors.yaml",
    "startLine": 18,
    "startPosition": 325,
  },
  {
    "endLine": 5,
    "endPosition": 69,
    "filePath": "/common.yaml",
    "startLine": 4,
    "startPosition": 42,
  },
  {
    "endLine": 31,
    "endPosition": 959,
    "filePath": "/headers.yaml",
    "startLine": 23,
    "startPosition": 662,
  },
  {
    "endLine": 17,
    "endPosition": 320,
    "filePath": "/errors.yaml",
    "startLine": 15,
    "startPosition": 279,
  },
  {
    "endLine": 7,
    "endPosition": 334,
    "filePath": "/headers.yaml",
    "startLine": 5,
    "startPosition": 168,
  },
  {
    "endLine": 32,
    "endPosition": 609,
    "filePath": "/errors.yaml",
    "startLine": 30,
    "startPosition": 552,
  },
  {
    "endLine": 26,
    "endPosition": 471,
    "filePath": "/errors.yaml",
    "startLine": 25,
    "startPosition": 440,
  },
  {
    "endLine": 26,
    "endPosition": 471,
    "filePath": "/errors.yaml",
    "startLine": 25,
    "startPosition": 440,
  },
  {
    "endLine": 17,
    "endPosition": 320,
    "filePath": "/errors.yaml",
    "startLine": 15,
    "startPosition": 279,
  },
  {
    "endLine": 31,
    "endPosition": 959,
    "filePath": "/headers.yaml",
    "startLine": 23,
    "startPosition": 662,
  },
  {
    "endLine": 21,
    "endPosition": 382,
    "filePath": "/errors.yaml",
    "startLine": 20,
    "startPosition": 356,
  },
  {
    "endLine": 23,
    "endPosition": 662,
    "filePath": "/headers.yaml",
    "startLine": 9,
    "startPosition": 336,
  },
  {
    "endLine": 50,
    "endPosition": 1527,
    "filePath": "/headers.yaml",
    "startLine": 44,
    "startPosition": 1294,
  },
  {
    "endLine": 26,
    "endPosition": 471,
    "filePath": "/errors.yaml",
    "startLine": 25,
    "startPosition": 440,
  },
  {
    "endLine": 17,
    "endPosition": 320,
    "filePath": "/errors.yaml",
    "startLine": 15,
    "startPosition": 279,
  },
  {
    "endLine": 8,
    "endPosition": 172,
    "filePath": "/errors.yaml",
    "startLine": 5,
    "startPosition": 96,
  },
  {
    "endLine": 5,
    "endPosition": 69,
    "filePath": "/common.yaml",
    "startLine": 4,
    "startPosition": 42,
  },
]
`;
